
> lightspeed-sync@1.0.0 test
> jest tests/jobs/scheduler.test.ts --silent

node.exe : FAIL tests/jobs/scheduler.test.ts
En línea: 1 Carácter: 1
+ & "C:\Program Files\nodejs/node.exe" "C:\Program Files\nodejs/node_mo ...
+ ~~~~~~~~~~~~~~~~~~~~~~~~~~~~~~~~~~~~~~~~~~~~~~~~~~~~~~~~~~~~~~~~~~~~~
    + CategoryInfo          : NotSpecified: (FAIL tests/jobs/scheduler.test.ts 
   :String) [], RemoteException
    + FullyQualifiedErrorId : NativeCommandError
 
  ÔùÅ SyncScheduler ÔÇ║ processSaleToContpaqi ÔÇ║ debe crear documento con 
cliente 1, coordenadas 1, y almacen 1

    expect(jest.fn()).toHaveBeenCalledWith(...expected)

    Expected: "process_document", ObjectContaining {"Agente": "Sistema de 
Sincronizaci├│n", "Cliente": "1", "Concepto": "LVEN", "Coordenadas": "1", 
"Fecha": StringContaining "2021-02-10T20:38:41", "Movimientos": 
[ObjectContaining {"Almacen": "1", "Cantidad": 1, "Precio": 344.82, 
"Producto": "0"}], "Observacion": "Venta desde Lightspeed - 116", 
"Referencia": "116"}, 8
    Received: "process_document", {"Agente": "Sistema de Sincronizaci├│n", 
"Cliente": "1", "Concepto": "LVEN", "Coordenadas": "1", "Fecha": 
"2021-02-11T02:38:41.000", "Movimientos": [{"Almacen": "1", "Cantidad": 1, 
"Precio": 344.82, "Producto": "0"}], "Observacion": "Venta desde Lightspeed - 
116", "Referencia": "116"}, 8

    Number of calls: 1

    [0m [90m 184 |[39m
     [90m 185 |[39m       
expect(result)[33m.[39mtoBe([32m'agregada'[39m)[33m;[39m
    [31m[1m>[22m[39m[90m 186 |[39m       expect(mockDb[33m.[39menqueueC
ontpaqiOperation)[33m.[39mtoHaveBeenCalledWith(
     [90m     |[39m                                               
[31m[1m^[22m[39m
     [90m 187 |[39m         [32m'process_document'[39m[33m,[39m
     [90m 188 |[39m         expect[33m.[39mobjectContaining({
     [90m 189 |[39m           [33mConcepto[39m[33m:[39m 
[32m'LVEN'[39m[33m,[39m[0m

      at Object.<anonymous> (tests/jobs/scheduler.test.ts:186:47)

2026-03-23 07:50:25 [[32minfo[39m]: Servicios CONTPAQi inicializados correctamente {
  "service": "lightspeed-sync"
}
2026-03-23 07:50:25 [[32minfo[39m]: Servicios CONTPAQi inicializados correctamente {
  "service": "lightspeed-sync"
}
2026-03-23 07:50:25 [[32minfo[39m]: === Iniciando sincronizaci├│n programada === {
  "service": "lightspeed-sync"
}
2026-03-23 07:50:25 [[32minfo[39m]: --- Sincronizando cat├ílogos --- {
  "service": "lightspeed-sync"
}
2026-03-23 07:50:25 [[32minfo[39m]: Bootstrap inicial de cat├ílogos {
  "service": "lightspeed-sync"
}
2026-03-23 07:50:25 [[32minfo[39m]: Guardando 0 categor├¡as... {
  "service": "lightspeed-sync"
}
2026-03-23 07:50:25 [[32minfo[39m]: Guardando 0 matrices de items... {
  "service": "lightspeed-sync"
}
2026-03-23 07:50:25 [[32minfo[39m]: Guardando 0 items... {
  "service": "lightspeed-sync"
}
2026-03-23 07:50:25 [[32minfo[39m]: Items guardados: 0, omitidos: 0 {
  "service": "lightspeed-sync"
}
2026-03-23 07:50:25 [[32minfo[39m]: Cat├ílogos sincronizados correctamente {
  "service": "lightspeed-sync"
}
2026-03-23 07:50:25 [[32minfo[39m]: --- Mapeando productos con CONTPAQi --- {
  "service": "lightspeed-sync"
}
2026-03-23 07:50:25 [[32minfo[39m]: Mapeo: 0 productos agregados a la cola para procesamiento {
  "service": "lightspeed-sync"
}
2026-03-23 07:50:25 [[32minfo[39m]: --- Sincronizando inventario de Lightspeed --- {
  "service": "lightspeed-sync"
}
2026-03-23 07:50:25 [[32minfo[39m]: Inventario guardado: 0 registros, omitidos: 0 {
  "service": "lightspeed-sync"
}
2026-03-23 07:50:25 [[32minfo[39m]: Inventario de Lightspeed sincronizado correctamente {
  "service": "lightspeed-sync"
}
2026-03-23 07:50:25 [[32minfo[39m]: --- Sincronizando ventas --- {
  "service": "lightspeed-sync"
}
2026-03-23 07:50:25 [[32minfo[39m]: Ventas sincronizadas: 0 guardadas, 0 omitidas (total: 0) {
  "service": "lightspeed-sync"
}
2026-03-23 07:50:25 [[32minfo[39m]: --- Procesando ventas para CONTPAQi --- {
  "service": "lightspeed-sync"
}
2026-03-23 07:50:25 [[31merror[39m]: Error al procesar ventas para CONTPAQi this.db.query is not a function {
  "service": "lightspeed-sync",
  "stack": "TypeError: this.db.query is not a function\n    at SyncScheduler.processSalesToContpaqi (C:\\Users\\SISTEMAS\\Documents\\Azalia\\Orderflow\\OrderFlow2\\src\\jobs\\scheduler.ts:278:35)\n    at SyncScheduler.runSync (C:\\Users\\SISTEMAS\\Documents\\Azalia\\Orderflow\\OrderFlow2\\src\\jobs\\scheduler.ts:84:20)\n    at Object.<anonymous> (C:\\Users\\SISTEMAS\\Documents\\Azalia\\Orderflow\\OrderFlow2\\tests\\jobs\\scheduler.test.ts:75:7)"
}
2026-03-23 07:50:25 [[32minfo[39m]: --- Sincronizando devoluciones --- {
  "service": "lightspeed-sync"
}
2026-03-23 07:50:25 [[32minfo[39m]: Devoluciones sincronizadas: 0 guardadas, 0 omitidas (total: 0) {
  "service": "lightspeed-sync"
}
2026-03-23 07:50:25 [[32minfo[39m]: --- Sincronizando ├│rdenes de compra --- {
  "service": "lightspeed-sync"
}
2026-03-23 07:50:25 [[32minfo[39m]: ├ôrdenes de compra sincronizadas correctamente: 0 {
  "service": "lightspeed-sync"
}
2026-03-23 07:50:25 [[32minfo[39m]: === Sincronizaci├│n completada en 0.02s === {
  "service": "lightspeed-sync"
}
2026-03-23 07:50:25 [[32minfo[39m]: Servicios CONTPAQi inicializados correctamente {
  "service": "lightspeed-sync"
}
2026-03-23 07:50:25 [[32minfo[39m]: === Iniciando sincronizaci├│n programada === {
  "service": "lightspeed-sync"
}
2026-03-23 07:50:25 [[32minfo[39m]: --- Sincronizando cat├ílogos --- {
  "service": "lightspeed-sync"
}
2026-03-23 07:50:25 [[32minfo[39m]: Bootstrap inicial de cat├ílogos {
  "service": "lightspeed-sync"
}
2026-03-23 07:50:25 [[32minfo[39m]: Guardando 0 categor├¡as... {
  "service": "lightspeed-sync"
}
2026-03-23 07:50:25 [[32minfo[39m]: Guardando 0 matrices de items... {
  "service": "lightspeed-sync"
}
2026-03-23 07:50:25 [[32minfo[39m]: Guardando 0 items... {
  "service": "lightspeed-sync"
}
2026-03-23 07:50:25 [[32minfo[39m]: Items guardados: 0, omitidos: 0 {
  "service": "lightspeed-sync"
}
2026-03-23 07:50:25 [[32minfo[39m]: Cat├ílogos sincronizados correctamente {
  "service": "lightspeed-sync"
}
2026-03-23 07:50:25 [[32minfo[39m]: --- Mapeando productos con CONTPAQi --- {
  "service": "lightspeed-sync"
}
2026-03-23 07:50:25 [[32minfo[39m]: Mapeo: 0 productos agregados a la cola para procesamiento {
  "service": "lightspeed-sync"
}
2026-03-23 07:50:25 [[32minfo[39m]: --- Sincronizando inventario de Lightspeed --- {
  "service": "lightspeed-sync"
}
2026-03-23 07:50:25 [[32minfo[39m]: Inventario guardado: 0 registros, omitidos: 0 {
Test Suites: 1 failed, 1 total
Tests:       1 failed, 12 passed, 13 total
Snapshots:   0 total
Time:        1.336 s, estimated 4 s
  "service": "lightspeed-sync"
}
2026-03-23 07:50:25 [[32minfo[39m]: Inventario de Lightspeed sincronizado correctamente {
  "service": "lightspeed-sync"
}
2026-03-23 07:50:25 [[32minfo[39m]: --- Sincronizando ventas --- {
  "service": "lightspeed-sync"
}
2026-03-23 07:50:25 [[31merror[39m]: Error al sincronizar ventas Test error {
  "service": "lightspeed-sync",
  "stack": "Error: Test error\n    at Object.<anonymous> (C:\\Users\\SISTEMAS\\Documents\\Azalia\\Orderflow\\OrderFlow2\\tests\\jobs\\scheduler.test.ts:81:72)\n    at Promise.then.completed (C:\\Users\\SISTEMAS\\Documents\\Azalia\\Orderflow\\OrderFlow2\\node_modules\\jest-circus\\build\\utils.js:298:28)\n    at new Promise (<anonymous>)\n    at callAsyncCircusFn (C:\\Users\\SISTEMAS\\Documents\\Azalia\\Orderflow\\OrderFlow2\\node_modules\\jest-circus\\build\\utils.js:231:10)\n    at _callCircusTest (C:\\Users\\SISTEMAS\\Documents\\Azalia\\Orderflow\\OrderFlow2\\node_modules\\jest-circus\\build\\run.js:316:40)\n    at _runTest (C:\\Users\\SISTEMAS\\Documents\\Azalia\\Orderflow\\OrderFlow2\\node_modules\\jest-circus\\build\\run.js:252:3)\n    at _runTestsForDescribeBlock (C:\\Users\\SISTEMAS\\Documents\\Azalia\\Orderflow\\OrderFlow2\\node_modules\\jest-circus\\build\\run.js:126:9)\n    at _runTestsForDescribeBlock (C:\\Users\\SISTEMAS\\Documents\\Azalia\\Orderflow\\OrderFlow2\\node_modules\\jest-circus\\build\\run.js:121:9)\n    at _runTestsForDescribeBlock (C:\\Users\\SISTEMAS\\Documents\\Azalia\\Orderflow\\OrderFlow2\\node_modules\\jest-circus\\build\\run.js:121:9)\n    at run (C:\\Users\\SISTEMAS\\Documents\\Azalia\\Orderflow\\OrderFlow2\\node_modules\\jest-circus\\build\\run.js:71:3)\n    at runAndTransformResultsToJestFormat (C:\\Users\\SISTEMAS\\Documents\\Azalia\\Orderflow\\OrderFlow2\\node_modules\\jest-circus\\build\\legacy-code-todo-rewrite\\jestAdapterInit.js:122:21)\n    at jestAdapter (C:\\Users\\SISTEMAS\\Documents\\Azalia\\Orderflow\\OrderFlow2\\node_modules\\jest-circus\\build\\legacy-code-todo-rewrite\\jestAdapter.js:79:19)\n    at runTestInternal (C:\\Users\\SISTEMAS\\Documents\\Azalia\\Orderflow\\OrderFlow2\\node_modules\\jest-runner\\build\\runTest.js:367:16)\n    at runTest (C:\\Users\\SISTEMAS\\Documents\\Azalia\\Orderflow\\OrderFlow2\\node_modules\\jest-runner\\build\\runTest.js:444:34)"
}
2026-03-23 07:50:25 [[32minfo[39m]: --- Procesando ventas para CONTPAQi --- {
  "service": "lightspeed-sync"
}
2026-03-23 07:50:25 [[31merror[39m]: Error al procesar ventas para CONTPAQi this.db.query is not a function {
  "service": "lightspeed-sync",
  "stack": "TypeError: this.db.query is not a function\n    at SyncScheduler.processSalesToContpaqi (C:\\Users\\SISTEMAS\\Documents\\Azalia\\Orderflow\\OrderFlow2\\src\\jobs\\scheduler.ts:278:35)\n    at SyncScheduler.runSync (C:\\Users\\SISTEMAS\\Documents\\Azalia\\Orderflow\\OrderFlow2\\src\\jobs\\scheduler.ts:84:20)\n    at Object.<anonymous> (C:\\Users\\SISTEMAS\\Documents\\Azalia\\Orderflow\\OrderFlow2\\tests\\jobs\\scheduler.test.ts:83:7)"
}
2026-03-23 07:50:25 [[32minfo[39m]: --- Sincronizando devoluciones --- {
  "service": "lightspeed-sync"
}
2026-03-23 07:50:25 [[32minfo[39m]: Devoluciones sincronizadas: 0 guardadas, 0 omitidas (total: 0) {
  "service": "lightspeed-sync"
}
2026-03-23 07:50:25 [[32minfo[39m]: --- Sincronizando ├│rdenes de compra --- {
  "service": "lightspeed-sync"
}
2026-03-23 07:50:25 [[32minfo[39m]: ├ôrdenes de compra sincronizadas correctamente: 0 {
  "service": "lightspeed-sync"
}
2026-03-23 07:50:25 [[32minfo[39m]: === Sincronizaci├│n completada en 0.00s === {
  "service": "lightspeed-sync"
}
2026-03-23 07:50:25 [[32minfo[39m]: Servicios CONTPAQi inicializados correctamente {
  "service": "lightspeed-sync"
}
2026-03-23 07:50:25 [[32minfo[39m]: --- Sincronizando cat├ílogos --- {
  "service": "lightspeed-sync"
}
2026-03-23 07:50:25 [[32minfo[39m]: Bootstrap inicial de cat├ílogos {
  "service": "lightspeed-sync"
}
2026-03-23 07:50:25 [[32minfo[39m]: Guardando 0 categor├¡as... {
  "service": "lightspeed-sync"
}
2026-03-23 07:50:25 [[32minfo[39m]: Guardando 0 matrices de items... {
  "service": "lightspeed-sync"
}
2026-03-23 07:50:25 [[32minfo[39m]: Guardando 0 items... {
  "service": "lightspeed-sync"
}
2026-03-23 07:50:25 [[32minfo[39m]: Items guardados: 0, omitidos: 0 {
  "service": "lightspeed-sync"
}
2026-03-23 07:50:25 [[32minfo[39m]: Cat├ílogos sincronizados correctamente {
  "service": "lightspeed-sync"
}
2026-03-23 07:50:25 [[32minfo[39m]: Servicios CONTPAQi inicializados correctamente {
  "service": "lightspeed-sync"
}
2026-03-23 07:50:25 [[32minfo[39m]: --- Sincronizando ventas --- {
  "service": "lightspeed-sync"
}
2026-03-23 07:50:25 [[32minfo[39m]: Ventas sincronizadas: 2 guardadas, 0 omitidas (total: 2) {
  "service": "lightspeed-sync"
}
2026-03-23 07:50:25 [[32minfo[39m]: Servicios CONTPAQi inicializados correctamente {
  "service": "lightspeed-sync"
}
2026-03-23 07:50:25 [[32minfo[39m]: --- Sincronizando ventas --- {
  "service": "lightspeed-sync"
}
2026-03-23 07:50:25 [[33mwarn[39m]: Error al guardar venta 2: DB error {
  "service": "lightspeed-sync"
}
2026-03-23 07:50:25 [[32minfo[39m]: Ventas sincronizadas: 1 guardadas, 1 omitidas (total: 2) {
  "service": "lightspeed-sync"
}
2026-03-23 07:50:25 [[32minfo[39m]: Servicios CONTPAQi inicializados correctamente {
  "service": "lightspeed-sync"
}
2026-03-23 07:50:25 [[32minfo[39m]: --- Sincronizando devoluciones --- {
  "service": "lightspeed-sync"
}
2026-03-23 07:50:25 [[32minfo[39m]: Devoluciones sincronizadas: 1 guardadas, 0 omitidas (total: 1) {
  "service": "lightspeed-sync"
}
2026-03-23 07:50:25 [[32minfo[39m]: Servicios CONTPAQi inicializados correctamente {
  "service": "lightspeed-sync"
}
2026-03-23 07:50:25 [[32minfo[39m]: Venta S1: usando 1 l├¡neas desde BD {
  "service": "lightspeed-sync"
}
2026-03-23 07:50:25 [[32minfo[39m]: Procesando venta S1: 1 l├¡neas {
  "service": "lightspeed-sync"
}
2026-03-23 07:50:25 [[32minfo[39m]: Venta S1 agregada a cola CONTPAQi: 1 movimientos {
  "service": "lightspeed-sync"
}
2026-03-23 07:50:25 [[32minfo[39m]: Servicios CONTPAQi inicializados correctamente {
  "service": "lightspeed-sync"
}
2026-03-23 07:50:25 [[32minfo[39m]: --- Sincronizando ├│rdenes de compra --- {
  "service": "lightspeed-sync"
}
2026-03-23 07:50:25 [[32minfo[39m]: ├ôrdenes de compra sincronizadas correctamente: 1 {
  "service": "lightspeed-sync"
}
2026-03-23 07:50:25 [[32minfo[39m]: Servicios CONTPAQi inicializados correctamente {
  "service": "lightspeed-sync"
}
2026-03-23 07:50:25 [[32minfo[39m]: --- Sincronizando ├│rdenes de compra --- {
  "service": "lightspeed-sync"
}
2026-03-23 07:50:25 [[33mwarn[39m]: Not found {
  "service": "lightspeed-sync"
}
2026-03-23 07:50:25 [[32minfo[39m]: Servicios CONTPAQi inicializados correctamente {
  "service": "lightspeed-sync"
}
2026-03-23 07:50:25 [[32minfo[39m]: Servicios CONTPAQi inicializados correctamente {
  "service": "lightspeed-sync"
}
2026-03-23 07:50:25 [[32minfo[39m]: Servicios CONTPAQi inicializados correctamente {
  "service": "lightspeed-sync"
}
